2026-04-26T23:15:37.460372+02:00 ubuntu systemd[1]: Started packagekit.service - PackageKit Daemon.
2026-04-26T23:15:37.776608+02:00 ubuntu systemd[1]: esm-cache.service: Deactivated successfully.
2026-04-26T23:15:37.776935+02:00 ubuntu systemd[1]: Finished esm-cache.service - Update the local ESM caches.
2026-04-26T23:15:40.871045+02:00 ubuntu systemd[1]: apt-daily.service: Deactivated successfully.
2026-04-26T23:15:40.871175+02:00 ubuntu systemd[1]: Finished apt-daily.service - Daily apt download activities.
2026-04-26T23:17:01.202963+02:00 ubuntu CRON[1600]: (root) CMD (cd / && run-parts --report /etc/cron.hourly)
2026-04-26T23:17:39.998299+02:00 ubuntu systemd[1]: wsl-pro.service: Scheduled restart job, restart counter is at 2.
2026-04-26T23:17:40.002106+02:00 ubuntu systemd[1]: Starting wsl-pro.service - Bridge to Ubuntu Pro agent on Windows...
2026-04-26T23:17:40.044743+02:00 ubuntu wsl-pro-service[1603]: #033[36mINFO#033[0m Starting WSL Pro Service version 0.1.18-1-g3c35f427-dirty
2026-04-26T23:17:40.114075+02:00 ubuntu systemd[1]: Started wsl-pro.service - Bridge to Ubuntu Pro agent on Windows.
2026-04-26T23:17:40.375671+02:00 ubuntu wsl-pro-service[1603]: #033[33mWARNING#033[0m Daemon: could not connect to Windows Agent: could not get address: could not read agent port file "/mnt/c/Users/Nazmul/.ubuntupro/.address": open /mnt/c/Users/Nazmul/.ubuntupro/.address: no such file or directory
2026-04-26T23:19:43.513303+02:00 ubuntu wsl-pro-service[1603]: message repeated 7 times: [ #033[33mWARNING#033[0m Daemon: could not connect to Windows Agent: could not get address: could not read agent port file "/mnt/c/Users/Nazmul/.ubuntupro/.address": open /mnt/c/Users/Nazmul/.ubuntupro/.address: no such file or directory]
2026-04-26T23:20:42.610689+02:00 ubuntu PackageKit: daemon quit
2026-04-26T23:20:42.645998+02:00 ubuntu systemd[1]: packagekit.service: Deactivated successfully.
2026-04-26T23:20:43.575295+02:00 ubuntu wsl-pro-service[1603]: #033[33mWARNING#033[0m Daemon: could not connect to Windows Agent: could not get address: could not read agent port file "/mnt/c/Users/Nazmul/.ubuntupro/.address": open /mnt/c/Users/Nazmul/.ubuntupro/.address: no such file or directory
2026-04-26T23:28:44.074240+02:00 ubuntu wsl-pro-service[1603]: message repeated 8 times: [ #033[33mWARNING#033[0m Daemon: could not connect to Windows Agent: could not get address: could not read agent port file "/mnt/c/Users/Nazmul/.ubuntupro/.address": open /mnt/c/Users/Nazmul/.ubuntupro/.address: no such file or directory]
2026-04-26T23:28:44.074606+02:00 ubuntu wsl-pro-service[1603]: #033[33mWARNING#033[0m Exiting after <nil>: check if the Windows agent is installed and running.
2026-04-26T23:28:44.076843+02:00 ubuntu systemd[1]: wsl-pro.service: Deactivated successfully.
2026-04-26T23:48:44.247753+02:00 ubuntu systemd[1]: wsl-pro.service: Scheduled restart job, restart counter is at 3.
2026-04-26T23:48:44.252029+02:00 ubuntu systemd[1]: Starting wsl-pro.service - Bridge to Ubuntu Pro agent on Windows...
2026-04-26T23:48:44.295210+02:00 ubuntu wsl-pro-service[1657]: #033[36mINFO#033[0m Starting WSL Pro Service version 0.1.18-1-g3c35f427-dirty
2026-04-26T23:48:44.375262+02:00 ubuntu systemd[1]: Started wsl-pro.service - Bridge to Ubuntu Pro agent on Windows.
2026-04-26T23:48:44.668317+02:00 ubuntu wsl-pro-service[1657]: #033[33mWARNING#033[0m Daemon: could not connect to Windows Agent: could not get address: could not read agent port file "/mnt/c/Users/Nazmul/.ubuntupro/.address": open /mnt/c/Users/Nazmul/.ubuntupro/.address: no such file or directory
2026-04-26T23:59:48.188761+02:00 ubuntu wsl-pro-service[1657]: message repeated 16 times: [ #033[33mWARNING#033[0m Daemon: could not connect to Windows Agent: could not get address: could not read agent port file "/mnt/c/Users/Nazmul/.ubuntupro/.address": open /mnt/c/Users/Nazmul/.ubuntupro/.address: no such file or directory]
2026-04-26T23:59:48.189056+02:00 ubuntu wsl-pro-service[1657]: #033[33mWARNING#033[0m Exiting after <nil>: check if the Windows agent is installed and running.
2026-04-26T23:59:48.190951+02:00 ubuntu systemd[1]: wsl-pro.service: Deactivated successfully.
2026-04-27T00:00:05.645610+02:00 ubuntu systemd[1]: Starting dpkg-db-backup.service - Daily dpkg database backup service...
2026-04-27T00:00:05.651765+02:00 ubuntu systemd[1]: Starting logrotate.service - Rotate log files...
2026-04-27T00:00:05.696411+02:00 ubuntu systemd[1]: logrotate.service: Deactivated successfully.
2026-04-27T00:00:05.696565+02:00 ubuntu systemd[1]: Finished logrotate.service - Rotate log files.
2026-04-27T00:00:05.771714+02:00 ubuntu systemd[1]: dpkg-db-backup.service: Deactivated successfully.
2026-04-27T00:00:05.771863+02:00 ubuntu systemd[1]: Finished dpkg-db-backup.service - Daily dpkg database backup service.
2026-04-27T00:17:01.233473+02:00 ubuntu CRON[1814]: (root) CMD (cd / && run-parts --report /etc/cron.hourly)
2026-04-27T00:18:57.996940+02:00 ubuntu crontab[1817]: (nhcp) BEGIN EDIT (nhcp)
2026-04-27T00:19:48.247345+02:00 ubuntu systemd[1]: wsl-pro.service: Scheduled restart job, restart counter is at 4.
2026-04-27T00:19:48.250300+02:00 ubuntu systemd[1]: Starting wsl-pro.service - Bridge to Ubuntu Pro agent on Windows...
2026-04-27T00:19:48.295045+02:00 ubuntu wsl-pro-service[1847]: #033[36mINFO#033[0m Starting WSL Pro Service version 0.1.18-1-g3c35f427-dirty
2026-04-27T00:19:48.368039+02:00 ubuntu systemd[1]: Started wsl-pro.service - Bridge to Ubuntu Pro agent on Windows.
2026-04-27T00:19:48.678858+02:00 ubuntu wsl-pro-service[1847]: #033[33mWARNING#033[0m Daemon: could not connect to Windows Agent: could not get address: could not read agent port file "/mnt/c/Users/Nazmul/.ubuntupro/.address": open /mnt/c/Users/Nazmul/.ubuntupro/.address: no such file or directory
2026-04-27T00:24:52.025912+02:00 ubuntu wsl-pro-service[1847]: message repeated 10 times: [ #033[33mWARNING#033[0m Daemon: could not connect to Windows Agent: could not get address: could not read agent port file "/mnt/c/Users/Nazmul/.ubuntupro/.address": open /mnt/c/Users/Nazmul/.ubuntupro/.address: no such file or directory]
2026-04-27T00:25:19.984323+02:00 ubuntu crontab[1817]: (nhcp) REPLACE (nhcp)
2026-04-27T00:25:19.986957+02:00 ubuntu crontab[1817]: (nhcp) END EDIT (nhcp)
2026-04-27T00:25:52.088104+02:00 ubuntu wsl-pro-service[1847]: #033[33mWARNING#033[0m Daemon: could not connect to Windows Agent: could not get address: could not read agent port file "/mnt/c/Users/Nazmul/.ubuntupro/.address": open /mnt/c/Users/Nazmul/.ubuntupro/.address: no such file or directory
2026-04-27T00:30:52.400304+02:00 ubuntu wsl-pro-service[1847]: message repeated 5 times: [ #033[33mWARNING#033[0m Daemon: could not connect to Windows Agent: could not get address: could not read agent port file "/mnt/c/Users/Nazmul/.ubuntupro/.address": open /mnt/c/Users/Nazmul/.ubuntupro/.address: no such file or directory]
2026-04-27T00:30:52.400654+02:00 ubuntu wsl-pro-service[1847]: #033[33mWARNING#033[0m Exiting after <nil>: check if the Windows agent is installed and running.
2026-04-27T00:30:52.404895+02:00 ubuntu systemd[1]: wsl-pro.service: Deactivated successfully.
2026-04-27T00:40:11.871605+02:00 ubuntu crontab[1878]: (nhcp) BEGIN EDIT (nhcp)
2026-04-27T00:41:24.347992+02:00 ubuntu crontab[1878]: (nhcp) REPLACE (nhcp)
2026-04-27T00:41:24.348293+02:00 ubuntu crontab[1878]: (nhcp) END EDIT (nhcp)
2026-04-27T00:42:01.241489+02:00 ubuntu cron[193]: (nhcp) RELOAD (crontabs/nhcp)
