2026-04-27T19:22:08.520104+02:00 ubuntu wsl-pro-service[2050]: #033[33mWARNING#033[0m Daemon: could not connect to Windows Agent: could not get address: could not read agent port file "/mnt/c/Users/Nazmul/.ubuntupro/.address": open /mnt/c/Users/Nazmul/.ubuntupro/.address: no such file or directory
2026-04-27T19:22:20.644846+02:00 ubuntu systemd-resolved[201]: Clock change detected. Flushing caches.
2026-04-27T20:16:19.153796+02:00 ubuntu systemd-resolved[201]: message repeated 2 times: [ Clock change detected. Flushing caches.]
2026-04-27T20:16:35.568788+02:00 ubuntu wsl-pro-service[2050]: #033[33mWARNING#033[0m Daemon: could not connect to Windows Agent: could not get address: could not read agent port file "/mnt/c/Users/Nazmul/.ubuntupro/.address": open /mnt/c/Users/Nazmul/.ubuntupro/.address: no such file or directory
2026-04-27T20:16:38.743747+02:00 ubuntu systemd-resolved[201]: Clock change detected. Flushing caches.
2026-04-27T20:17:01.499367+02:00 ubuntu CRON[2093]: (root) CMD (cd / && run-parts --report /etc/cron.hourly)
2026-04-27T20:17:25.626507+02:00 ubuntu systemd-resolved[201]: Clock change detected. Flushing caches.
2026-04-27T20:17:34.491773+02:00 ubuntu wsl-pro-service[2050]: #033[33mWARNING#033[0m Daemon: could not connect to Windows Agent: could not get address: could not read agent port file "/mnt/c/Users/Nazmul/.ubuntupro/.address": open /mnt/c/Users/Nazmul/.ubuntupro/.address: no such file or directory
2026-04-27T20:23:34.897781+02:00 ubuntu wsl-pro-service[2050]: message repeated 6 times: [ #033[33mWARNING#033[0m Daemon: could not connect to Windows Agent: could not get address: could not read agent port file "/mnt/c/Users/Nazmul/.ubuntupro/.address": open /mnt/c/Users/Nazmul/.ubuntupro/.address: no such file or directory]
2026-04-27T20:23:34.898291+02:00 ubuntu wsl-pro-service[2050]: #033[33mWARNING#033[0m Exiting after <nil>: check if the Windows agent is installed and running.
2026-04-27T20:23:34.899808+02:00 ubuntu systemd[1]: wsl-pro.service: Deactivated successfully.
2026-04-27T20:30:48.514539+02:00 ubuntu systemd-resolved[201]: Clock change detected. Flushing caches.
2026-04-27T20:57:35.244453+02:00 ubuntu systemd-resolved[201]: message repeated 2 times: [ Clock change detected. Flushing caches.]
2026-04-27T21:03:31.877768+02:00 ubuntu snapd[219]: storehelpers.go:914: cannot refresh: snap has no updates available: "core24", "htop", "snapd"
2026-04-27T21:04:19.574753+02:00 ubuntu systemd[1]: wsl-pro.service: Scheduled restart job, restart counter is at 10.
2026-04-27T21:04:19.590024+02:00 ubuntu systemd[1]: Starting wsl-pro.service - Bridge to Ubuntu Pro agent on Windows...
2026-04-27T21:04:19.670742+02:00 ubuntu wsl-pro-service[2194]: #033[36mINFO#033[0m Starting WSL Pro Service version 0.1.18-1-g3c35f427-dirty
2026-04-27T21:04:19.751273+02:00 ubuntu systemd[1]: Started wsl-pro.service - Bridge to Ubuntu Pro agent on Windows.
2026-04-27T21:04:20.194722+02:00 ubuntu wsl-pro-service[2194]: #033[33mWARNING#033[0m Daemon: could not connect to Windows Agent: could not get address: could not read agent port file "/mnt/c/Users/Nazmul/.ubuntupro/.address": open /mnt/c/Users/Nazmul/.ubuntupro/.address: no such file or directory
2026-04-27T21:15:23.942176+02:00 ubuntu wsl-pro-service[2194]: message repeated 16 times: [ #033[33mWARNING#033[0m Daemon: could not connect to Windows Agent: could not get address: could not read agent port file "/mnt/c/Users/Nazmul/.ubuntupro/.address": open /mnt/c/Users/Nazmul/.ubuntupro/.address: no such file or directory]
2026-04-27T21:15:23.942441+02:00 ubuntu wsl-pro-service[2194]: #033[33mWARNING#033[0m Exiting after <nil>: check if the Windows agent is installed and running.
2026-04-27T21:15:23.944023+02:00 ubuntu systemd[1]: wsl-pro.service: Deactivated successfully.
2026-04-27T21:17:01.631678+02:00 ubuntu CRON[2328]: (root) CMD (cd / && run-parts --report /etc/cron.hourly)
2026-04-27T21:23:23.030824+02:00 ubuntu systemd-resolved[201]: Clock change detected. Flushing caches.
2026-04-27T21:24:17.676743+02:00 ubuntu dbus-daemon[212]: [system] Activating via systemd: service name='org.freedesktop.PackageKit' unit='packagekit.service' requested by ':1.11' (uid=0 pid=2473 comm="/usr/bin/gdbus call --system --dest org.freedeskto")
2026-04-27T21:24:17.686019+02:00 ubuntu systemd[1]: Starting packagekit.service - PackageKit Daemon...
2026-04-27T21:24:17.700065+02:00 ubuntu PackageKit: daemon start
2026-04-27T21:24:17.737659+02:00 ubuntu dbus-daemon[212]: [system] Activating via systemd: service name='org.freedesktop.PolicyKit1' unit='polkit.service' requested by ':1.13' (uid=0 pid=2477 comm="/usr/libexec/packagekitd")
2026-04-27T21:24:17.744481+02:00 ubuntu systemd[1]: Starting polkit.service - Authorization Manager...
2026-04-27T21:24:17.787063+02:00 ubuntu polkitd[2482]: Started polkitd version 124
2026-04-27T21:24:17.796647+02:00 ubuntu dbus-daemon[212]: [system] Successfully activated service 'org.freedesktop.PolicyKit1'
2026-04-27T21:24:17.797276+02:00 ubuntu systemd[1]: Started polkit.service - Authorization Manager.
2026-04-27T21:24:17.802584+02:00 ubuntu dbus-daemon[212]: [system] Successfully activated service 'org.freedesktop.PackageKit'
2026-04-27T21:24:17.802731+02:00 ubuntu systemd[1]: Started packagekit.service - PackageKit Daemon.
2026-04-27T21:29:23.000047+02:00 ubuntu PackageKit: daemon quit
2026-04-27T21:29:23.037410+02:00 ubuntu systemd[1]: packagekit.service: Deactivated successfully.
2026-04-27T21:35:23.662521+02:00 ubuntu systemd[1]: wsl-pro.service: Scheduled restart job, restart counter is at 11.
2026-04-27T21:35:23.667474+02:00 ubuntu systemd[1]: Starting wsl-pro.service - Bridge to Ubuntu Pro agent on Windows...
2026-04-27T21:35:23.710722+02:00 ubuntu wsl-pro-service[2645]: #033[36mINFO#033[0m Starting WSL Pro Service version 0.1.18-1-g3c35f427-dirty
2026-04-27T21:35:23.796924+02:00 ubuntu systemd[1]: Started wsl-pro.service - Bridge to Ubuntu Pro agent on Windows.
2026-04-27T21:35:24.106671+02:00 ubuntu wsl-pro-service[2645]: #033[33mWARNING#033[0m Daemon: could not connect to Windows Agent: could not get address: could not read agent port file "/mnt/c/Users/Nazmul/.ubuntupro/.address": open /mnt/c/Users/Nazmul/.ubuntupro/.address: no such file or directory
2026-04-27T21:46:27.816259+02:00 ubuntu wsl-pro-service[2645]: message repeated 16 times: [ #033[33mWARNING#033[0m Daemon: could not connect to Windows Agent: could not get address: could not read agent port file "/mnt/c/Users/Nazmul/.ubuntupro/.address": open /mnt/c/Users/Nazmul/.ubuntupro/.address: no such file or directory]
2026-04-27T21:46:27.816494+02:00 ubuntu wsl-pro-service[2645]: #033[33mWARNING#033[0m Exiting after <nil>: check if the Windows agent is installed and running.
2026-04-27T21:46:27.818103+02:00 ubuntu systemd[1]: wsl-pro.service: Deactivated successfully.
2026-04-27T20:16:19.187209+02:00 ubuntu kernel: hv_utils: TimeSync IC version 4.0
2026-04-27T21:51:42.823837+02:00 ubuntu kernel: WSL (164) ERROR: No buffer space available @telemetry.cpp:145 (StartTelemetryAgent)
2026-04-27T21:57:06.154314+02:00 ubuntu vsce-sign: Package file size:  20361348
2026-04-27T21:57:06.157619+02:00 ubuntu vsce-sign: Signature archive file size:  15948
2026-04-27T21:57:06.235205+02:00 ubuntu vsce-sign: Manifest file size:  16838
2026-04-27T21:57:06.235443+02:00 ubuntu vsce-sign: Signature file size:  19352
2026-04-27T21:57:06.509824+02:00 ubuntu vsce-sign: ManifestPackageIntegrityPolicy succeeded.
2026-04-27T21:57:06.608392+02:00 ubuntu vsce-sign: SignatureIntegrityPolicy for primary signature succeeded.
2026-04-27T21:57:06.656645+02:00 ubuntu vsce-sign: SignatureValidityPolicy for primary signature succeeded.
2026-04-27T21:57:06.676273+02:00 ubuntu vsce-sign: SignatureIntegrityPolicy for primary timestamp signature succeeded.
2026-04-27T21:57:06.676793+02:00 ubuntu vsce-sign: SignatureValidityPolicy for primary timestamp signature succeeded.
2026-04-27T21:57:06.702748+02:00 ubuntu vsce-sign: X.509 certificate chain validation will use the fallback certificate bundle for timestamping.
2026-04-27T21:57:07.494931+02:00 ubuntu vsce-sign: SignatureTrustPolicy for publisher primary signature timestamp signature succeeded.
2026-04-27T21:57:07.497028+02:00 ubuntu vsce-sign: X.509 certificate chain validation will use the fallback certificate bundle for code signing.
2026-04-27T21:57:07.673512+02:00 ubuntu vsce-sign: SignatureTrustPolicy for publisher primary signature succeeded.
2026-04-27T21:57:07.676530+02:00 ubuntu vsce-sign: SignatureIntegrityPolicy for repository countersignature succeeded.
2026-04-27T21:57:07.677341+02:00 ubuntu vsce-sign: SignatureValidityPolicy for repository countersignature succeeded.
2026-04-27T21:57:07.679117+02:00 ubuntu vsce-sign: SignatureIntegrityPolicy for repository countersignature timestamp signature succeeded.
2026-04-27T21:57:07.679432+02:00 ubuntu vsce-sign: SignatureValidityPolicy for repository countersignature timestamp signature succeeded.
2026-04-27T21:57:07.683685+02:00 ubuntu vsce-sign: SignatureTrustPolicy for repository countersignature timestamp signature succeeded.
2026-04-27T21:57:07.693966+02:00 ubuntu vsce-sign: SignatureTrustPolicy for repository countersignature succeeded.
2026-04-27T21:57:07.698747+02:00 ubuntu vsce-sign: RepositoryCountersignaturePolicy for repository countersignature succeeded with OK.
2026-04-27T21:57:07.698950+02:00 ubuntu vsce-sign: Primary signature type:  publisher primary signature
2026-04-27T21:57:07.699069+02:00 ubuntu vsce-sign: Primary signature status:  OK
2026-04-27T21:57:07.699116+02:00 ubuntu vsce-sign: Timestamp signature status:  OK
2026-04-27T21:57:07.699165+02:00 ubuntu vsce-sign: Repository countersignature status:  OK
2026-04-27T21:57:07.699213+02:00 ubuntu vsce-sign: Repository countersignature timestamp status:  OK
2026-04-27T21:57:07.702777+02:00 ubuntu vsce-sign: Exit code:  Success
2026-04-27T22:06:27.912655+02:00 ubuntu systemd[1]: wsl-pro.service: Scheduled restart job, restart counter is at 12.
2026-04-27T22:06:27.917535+02:00 ubuntu systemd[1]: Starting wsl-pro.service - Bridge to Ubuntu Pro agent on Windows...
2026-04-27T22:06:27.957447+02:00 ubuntu wsl-pro-service[5612]: #033[36mINFO#033[0m Starting WSL Pro Service version 0.1.18-1-g3c35f427-dirty
2026-04-27T22:06:28.025241+02:00 ubuntu systemd[1]: Started wsl-pro.service - Bridge to Ubuntu Pro agent on Windows.
2026-04-27T22:06:28.283972+02:00 ubuntu wsl-pro-service[5612]: #033[33mWARNING#033[0m Daemon: could not connect to Windows Agent: could not get address: could not read agent port file "/mnt/c/Users/Nazmul/.ubuntupro/.address": open /mnt/c/Users/Nazmul/.ubuntupro/.address: no such file or directory
2026-04-27T22:14:31.687357+02:00 ubuntu wsl-pro-service[5612]: message repeated 13 times: [ #033[33mWARNING#033[0m Daemon: could not connect to Windows Agent: could not get address: could not read agent port file "/mnt/c/Users/Nazmul/.ubuntupro/.address": open /mnt/c/Users/Nazmul/.ubuntupro/.address: no such file or directory]
2026-04-27T22:15:31.366883+02:00 ubuntu systemd-resolved[201]: Clock change detected. Flushing caches.
2026-04-27T22:15:31.369669+02:00 ubuntu wsl-pro-service[5612]: #033[33mWARNING#033[0m Daemon: could not connect to Windows Agent: could not get address: could not read agent port file "/mnt/c/Users/Nazmul/.ubuntupro/.address": open /mnt/c/Users/Nazmul/.ubuntupro/.address: no such file or directory
2026-04-27T22:16:03.106996+02:00 ubuntu systemd-resolved[201]: Clock change detected. Flushing caches.
2026-04-27T22:16:31.009899+02:00 ubuntu wsl-pro-service[5612]: #033[33mWARNING#033[0m Daemon: could not connect to Windows Agent: could not get address: could not read agent port file "/mnt/c/Users/Nazmul/.ubuntupro/.address": open /mnt/c/Users/Nazmul/.ubuntupro/.address: no such file or directory
2026-04-27T22:16:34.950907+02:00 ubuntu systemd-resolved[201]: Clock change detected. Flushing caches.
2026-04-27T22:17:00.589122+02:00 ubuntu CRON[7537]: (root) CMD (cd / && run-parts --report /etc/cron.hourly)
2026-04-27T22:17:30.664734+02:00 ubuntu wsl-pro-service[5612]: #033[33mWARNING#033[0m Daemon: could not connect to Windows Agent: could not get address: could not read agent port file "/mnt/c/Users/Nazmul/.ubuntupro/.address": open /mnt/c/Users/Nazmul/.ubuntupro/.address: no such file or directory
2026-04-27T22:17:30.666247+02:00 ubuntu wsl-pro-service[5612]: #033[33mWARNING#033[0m Exiting after <nil>: check if the Windows agent is installed and running.
2026-04-27T22:17:30.667314+02:00 ubuntu systemd[1]: wsl-pro.service: Deactivated successfully.
2026-04-27T22:17:39.037361+02:00 ubuntu systemd-resolved[201]: Clock change detected. Flushing caches.
2026-04-27T22:21:21.942804+02:00 ubuntu systemd-resolved[201]: message repeated 7 times: [ Clock change detected. Flushing caches.]
2026-04-27T22:37:27.404220+02:00 ubuntu systemd[1]: wsl-pro.service: Scheduled restart job, restart counter is at 13.
2026-04-27T22:37:27.409329+02:00 ubuntu systemd[1]: Starting wsl-pro.service - Bridge to Ubuntu Pro agent on Windows...
2026-04-27T22:37:27.450232+02:00 ubuntu wsl-pro-service[11219]: #033[36mINFO#033[0m Starting WSL Pro Service version 0.1.18-1-g3c35f427-dirty
2026-04-27T22:37:27.521197+02:00 ubuntu systemd[1]: Started wsl-pro.service - Bridge to Ubuntu Pro agent on Windows.
2026-04-27T22:37:27.819105+02:00 ubuntu wsl-pro-service[11219]: #033[33mWARNING#033[0m Daemon: could not connect to Windows Agent: could not get address: could not read agent port file "/mnt/c/Users/Nazmul/.ubuntupro/.address": open /mnt/c/Users/Nazmul/.ubuntupro/.address: no such file or directory
2026-04-27T22:44:31.213367+02:00 ubuntu wsl-pro-service[11219]: message repeated 12 times: [ #033[33mWARNING#033[0m Daemon: could not connect to Windows Agent: could not get address: could not read agent port file "/mnt/c/Users/Nazmul/.ubuntupro/.address": open /mnt/c/Users/Nazmul/.ubuntupro/.address: no such file or directory]
2026-04-27T22:51:54.274078+02:00 ubuntu systemd-resolved[201]: Clock change detected. Flushing caches.
2026-04-27T22:52:49.046455+02:00 ubuntu wsl-pro-service[11219]: #033[33mWARNING#033[0m Daemon: could not connect to Windows Agent: could not get address: could not read agent port file "/mnt/c/Users/Nazmul/.ubuntupro/.address": open /mnt/c/Users/Nazmul/.ubuntupro/.address: no such file or directory
2026-04-27T22:55:49.209209+02:00 ubuntu wsl-pro-service[11219]: message repeated 3 times: [ #033[33mWARNING#033[0m Daemon: could not connect to Windows Agent: could not get address: could not read agent port file "/mnt/c/Users/Nazmul/.ubuntupro/.address": open /mnt/c/Users/Nazmul/.ubuntupro/.address: no such file or directory]
2026-04-27T22:55:49.209523+02:00 ubuntu wsl-pro-service[11219]: #033[33mWARNING#033[0m Exiting after <nil>: check if the Windows agent is installed and running.
2026-04-27T22:55:49.212904+02:00 ubuntu systemd[1]: wsl-pro.service: Deactivated successfully.
